> Task :common:compileJava UP-TO-DATE
> Task :common:processResources UP-TO-DATE
> Task :common:classes UP-TO-DATE
> Task :common:jar UP-TO-DATE
> Task :company-service:compileJava UP-TO-DATE
> Task :company-service:processResources UP-TO-DATE
> Task :company-service:classes UP-TO-DATE
> Task :company-service:resolveMainClassName UP-TO-DATE

> Task :company-service:bootRun

  .   ____          _            __ _ _
 /\\ / ___'_ __ _ _(_)_ __  __ _ \ \ \ \
( ( )\___ | '_ | '_| | '_ \/ _` | \ \ \ \
 \\/  ___)| |_)| | | | | || (_| |  ) ) ) )
  '  |____| .__|_| |_|_| |_\__, | / / / /
 =========|_|==============|___/=/_/_/_/

 :: Spring Boot ::               (v3.5.16)

2026-08-03T14:32:09.511+09:00  INFO 32676 --- [company-service] [           main] [                                                 ] c.b.l.company.CompanyServiceApplication  : Starting CompanyServiceApplication using Java 17.0.19 with PID 32676 (C:\projects\bonae-dream-logistics\company-service\build\classes\java\main started by ghkdw in C:\projects\bonae-dream-logistics\company-service)
2026-08-03T14:32:09.523+09:00  INFO 32676 --- [company-service] [           main] [                                                 ] c.b.l.company.CompanyServiceApplication  : No active profile set, falling back to 1 default profile: "default"
2026-08-03T14:32:13.597+09:00  INFO 32676 --- [company-service] [           main] [                                                 ] .s.d.r.c.RepositoryConfigurationDelegate : Bootstrapping Spring Data JPA repositories in DEFAULT mode.
2026-08-03T14:32:13.654+09:00  INFO 32676 --- [company-service] [           main] [                                                 ] .s.d.r.c.RepositoryConfigurationDelegate : Finished Spring Data repository scanning in 31 ms. Found 0 JPA repository interfaces.
2026-08-03T14:32:14.231+09:00  INFO 32676 --- [company-service] [           main] [                                                 ] o.s.cloud.context.scope.GenericScope     : BeanFactory id=b50ad720-1e3d-36bf-b852-63cec502bee6
2026-08-03T14:32:16.488+09:00  INFO 32676 --- [company-service] [           main] [                                                 ] o.s.b.w.embedded.tomcat.TomcatWebServer  : Tomcat initialized with port 19004 (http)
2026-08-03T14:32:16.541+09:00  INFO 32676 --- [company-service] [           main] [                                                 ] o.apache.catalina.core.StandardService   : Starting service [Tomcat]
2026-08-03T14:32:16.541+09:00  INFO 32676 --- [company-service] [           main] [                                                 ] o.apache.catalina.core.StandardEngine    : Starting Servlet engine: [Apache Tomcat/10.1.55]
2026-08-03T14:32:16.977+09:00  INFO 32676 --- [company-service] [           main] [                                                 ] o.a.c.c.C.[Tomcat].[localhost].[/]       : Initializing Spring embedded WebApplicationContext
2026-08-03T14:32:16.979+09:00  INFO 32676 --- [company-service] [           main] [                                                 ] w.s.c.ServletWebServerApplicationContext : Root WebApplicationContext: initialization completed in 7285 ms
2026-08-03T14:32:18.413+09:00  INFO 32676 --- [company-service] [           main] [                                                 ] o.hibernate.jpa.internal.util.LogHelper  : HHH000204: Processing PersistenceUnitInfo [name: default]
2026-08-03T14:32:18.652+09:00  INFO 32676 --- [company-service] [           main] [                                                 ] org.hibernate.Version                    : HHH000412: Hibernate ORM core version 6.6.53.Final
2026-08-03T14:32:18.779+09:00  INFO 32676 --- [company-service] [           main] [                                                 ] o.h.c.internal.RegionFactoryInitiator    : HHH000026: Second-level cache disabled
2026-08-03T14:32:20.176+09:00  INFO 32676 --- [company-service] [           main] [                                                 ] o.s.o.j.p.SpringPersistenceUnitInfo      : No LoadTimeWeaver setup: ignoring JPA class transformer
2026-08-03T14:32:20.360+09:00  INFO 32676 --- [company-service] [           main] [                                                 ] com.zaxxer.hikari.HikariDataSource       : HikariPool-1 - Starting...
2026-08-03T14:32:20.948+09:00  INFO 32676 --- [company-service] [           main] [                                                 ] com.zaxxer.hikari.pool.HikariPool        : HikariPool-1 - Added connection org.postgresql.jdbc.PgConnection@2634d000
2026-08-03T14:32:20.954+09:00  INFO 32676 --- [company-service] [           main] [                                                 ] com.zaxxer.hikari.HikariDataSource       : HikariPool-1 - Start completed.
2026-08-03T14:32:21.718+09:00  INFO 32676 --- [company-service] [           main] [                                                 ] org.hibernate.orm.connections.pooling    : HHH10001005: Database info:
	Database JDBC URL [Connecting through datasource 'HikariDataSource (HikariPool-1)']
	Database driver: undefined/unknown
	Database version: 16.14
	Autocommit mode: undefined/unknown
	Isolation level: undefined/unknown
	Minimum pool size: undefined/unknown
	Maximum pool size: undefined/unknown
2026-08-03T14:32:25.249+09:00  INFO 32676 --- [company-service] [           main] [                                                 ] o.h.e.t.j.p.i.JtaPlatformInitiator       : HHH000489: No JTA platform available (set 'hibernate.transaction.jta.platform' to enable JTA platform integration)
2026-08-03T14:32:25.315+09:00  INFO 32676 --- [company-service] [           main] [                                                 ] j.LocalContainerEntityManagerFactoryBean : Initialized JPA EntityManagerFactory for persistence unit 'default'
2026-08-03T14:32:31.440+09:00  INFO 32676 --- [company-service] [           main] [                                                 ] DiscoveryClientOptionalArgsConfiguration : Eureka HTTP Client uses RestTemplate.
2026-08-03T14:32:31.530+09:00  WARN 32676 --- [company-service] [           main] [                                                 ] iguration$LoadBalancerCaffeineWarnLogger : Spring Cloud LoadBalancer is currently working with the default cache. While this cache implementation is useful for development and tests, it's recommended to use Caffeine cache in production.You can switch to using Caffeine cache, by adding it and org.springframework.cache.caffeine.CaffeineCacheManager to the classpath.
2026-08-03T14:32:31.580+09:00  INFO 32676 --- [company-service] [           main] [                                                 ] o.s.b.a.e.web.EndpointLinksResolver      : Exposing 1 endpoint beneath base path '/actuator'
2026-08-03T14:32:31.740+09:00  INFO 32676 --- [company-service] [           main] [                                                 ] o.s.c.n.eureka.InstanceInfoFactory       : Setting initial instance status as: STARTING
2026-08-03T14:32:31.799+09:00  INFO 32676 --- [company-service] [           main] [                                                 ] com.netflix.discovery.DiscoveryClient    : Initializing Eureka in region us-east-1
2026-08-03T14:32:31.811+09:00  INFO 32676 --- [company-service] [           main] [                                                 ] c.n.d.s.r.aws.ConfigClusterResolver      : Resolving eureka endpoints via configuration
2026-08-03T14:32:31.837+09:00  INFO 32676 --- [company-service] [           main] [                                                 ] com.netflix.discovery.DiscoveryClient    : Disable delta property : false
2026-08-03T14:32:31.837+09:00  INFO 32676 --- [company-service] [           main] [                                                 ] com.netflix.discovery.DiscoveryClient    : Single vip registry refresh property : null
2026-08-03T14:32:31.837+09:00  INFO 32676 --- [company-service] [           main] [                                                 ] com.netflix.discovery.DiscoveryClient    : Force full registry fetch : false
2026-08-03T14:32:31.837+09:00  INFO 32676 --- [company-service] [           main] [                                                 ] com.netflix.discovery.DiscoveryClient    : Application is null : false
2026-08-03T14:32:31.838+09:00  INFO 32676 --- [company-service] [           main] [                                                 ] com.netflix.discovery.DiscoveryClient    : Registered Applications size is zero : true
2026-08-03T14:32:31.838+09:00  INFO 32676 --- [company-service] [           main] [                                                 ] com.netflix.discovery.DiscoveryClient    : Application version is -1: true
2026-08-03T14:32:31.838+09:00  INFO 32676 --- [company-service] [           main] [                                                 ] com.netflix.discovery.DiscoveryClient    : Getting all instance registry info from the eureka server
2026-08-03T14:32:33.000+09:00  INFO 32676 --- [company-service] [           main] [                                                 ] com.netflix.discovery.DiscoveryClient    : The response status is 200
2026-08-03T14:32:33.004+09:00  INFO 32676 --- [company-service] [           main] [                                                 ] com.netflix.discovery.DiscoveryClient    : Starting heartbeat executor: renew interval is: 30
2026-08-03T14:32:33.008+09:00  INFO 32676 --- [company-service] [           main] [                                                 ] c.n.discovery.InstanceInfoReplicator     : InstanceInfoReplicator onDemand update allowed rate per min is 4
2026-08-03T14:32:33.013+09:00  INFO 32676 --- [company-service] [           main] [                                                 ] com.netflix.discovery.DiscoveryClient    : Discovery Client initialized at timestamp 1785735153011 with initial instances count: 0
2026-08-03T14:32:33.018+09:00  INFO 32676 --- [company-service] [           main] [                                                 ] o.s.c.n.e.s.EurekaServiceRegistry        : Registering application COMPANY-SERVICE with eureka with status UP
2026-08-03T14:32:33.020+09:00  INFO 32676 --- [company-service] [           main] [                                                 ] com.netflix.discovery.DiscoveryClient    : Saw local status change event StatusChangeEvent [timestamp=1785735153020, current=UP, previous=STARTING]
2026-08-03T14:32:33.024+09:00  INFO 32676 --- [company-service] [foReplicator-%d] [                                                 ] com.netflix.discovery.DiscoveryClient    : DiscoveryClient_COMPANY-SERVICE/192.168.219.47:company-service:19004: registering service...
2026-08-03T14:32:33.050+09:00  INFO 32676 --- [company-service] [           main] [                                                 ] o.s.b.w.embedded.tomcat.TomcatWebServer  : Tomcat started on port 19004 (http) with context path '/'
2026-08-03T14:32:33.051+09:00  INFO 32676 --- [company-service] [           main] [                                                 ] .s.c.n.e.s.EurekaAutoServiceRegistration : Updating port to 19004
2026-08-03T14:32:33.295+09:00  INFO 32676 --- [company-service] [foReplicator-%d] [                                                 ] com.netflix.discovery.DiscoveryClient    : DiscoveryClient_COMPANY-SERVICE/192.168.219.47:company-service:19004 - registration status: 204
2026-08-03T14:32:33.685+09:00  INFO 32676 --- [company-service] [           main] [                                                 ] c.b.l.company.CompanyServiceApplication  : Started CompanyServiceApplication in 26.296 seconds (process running for 27.725)
