> Task :eureka-server:compileJava UP-TO-DATE
> Task :eureka-server:processResources
> Task :eureka-server:classes
> Task :eureka-server:resolveMainClassName

> Task :eureka-server:bootRun

  .   ____          _            __ _ _
 /\\ / ___'_ __ _ _(_)_ __  __ _ \ \ \ \
( ( )\___ | '_ | '_| | '_ \/ _` | \ \ \ \
 \\/  ___)| |_)| | | | | || (_| |  ) ) ) )
  '  |____| .__|_| |_|_| |_\__, | / / / /
 =========|_|==============|___/=/_/_/_/

 :: Spring Boot ::               (v3.5.16)

2026-08-03T14:30:23.592+09:00  INFO 5088 --- [eureka-server] [           main] [                                                 ] c.b.l.eureka.EurekaServerApplication     : Starting EurekaServerApplication using Java 17.0.19 with PID 5088 (C:\projects\bonae-dream-logistics\eureka-server\build\classes\java\main started by ghkdw in C:\projects\bonae-dream-logistics\eureka-server)
2026-08-03T14:30:23.599+09:00  INFO 5088 --- [eureka-server] [           main] [                                                 ] c.b.l.eureka.EurekaServerApplication     : No active profile set, falling back to 1 default profile: "default"
2026-08-03T14:30:26.963+09:00  INFO 5088 --- [eureka-server] [           main] [                                                 ] o.s.cloud.context.scope.GenericScope     : BeanFactory id=ff8a1f00-af42-3d5a-aeb7-c974a9e71d15
2026-08-03T14:30:30.308+09:00  INFO 5088 --- [eureka-server] [           main] [                                                 ] o.s.b.w.embedded.tomcat.TomcatWebServer  : Tomcat initialized with port 8761 (http)
2026-08-03T14:30:30.418+09:00  INFO 5088 --- [eureka-server] [           main] [                                                 ] o.apache.catalina.core.StandardService   : Starting service [Tomcat]
2026-08-03T14:30:30.419+09:00  INFO 5088 --- [eureka-server] [           main] [                                                 ] o.apache.catalina.core.StandardEngine    : Starting Servlet engine: [Apache Tomcat/10.1.55]
2026-08-03T14:30:31.303+09:00  INFO 5088 --- [eureka-server] [           main] [                                                 ] o.a.c.c.C.[Tomcat].[localhost].[/]       : Initializing Spring embedded WebApplicationContext
2026-08-03T14:30:31.309+09:00  INFO 5088 --- [eureka-server] [           main] [                                                 ] w.s.c.ServletWebServerApplicationContext : Root WebApplicationContext: initialization completed in 7579 ms
2026-08-03T14:30:38.367+09:00  INFO 5088 --- [eureka-server] [           main] [                                                 ] c.n.d.provider.DiscoveryJerseyProvider   : Using JSON encoding codec LegacyJacksonJson
2026-08-03T14:30:38.375+09:00  INFO 5088 --- [eureka-server] [           main] [                                                 ] c.n.d.provider.DiscoveryJerseyProvider   : Using JSON decoding codec LegacyJacksonJson
2026-08-03T14:30:39.925+09:00  INFO 5088 --- [eureka-server] [           main] [                                                 ] c.n.d.provider.DiscoveryJerseyProvider   : Using XML encoding codec XStreamXml
2026-08-03T14:30:39.926+09:00  INFO 5088 --- [eureka-server] [           main] [                                                 ] c.n.d.provider.DiscoveryJerseyProvider   : Using XML decoding codec XStreamXml
2026-08-03T14:30:40.960+09:00  INFO 5088 --- [eureka-server] [           main] [                                                 ] o.s.v.b.OptionalValidatorFactoryBean     : Failed to set up a Bean Validation provider: jakarta.validation.NoProviderFoundException: Unable to create a Configuration, because no Jakarta Bean Validation provider could be found. Add a provider like Hibernate Validator (RI) to your classpath.
2026-08-03T14:30:56.801+09:00  WARN 5088 --- [eureka-server] [           main] [                                                 ] iguration$LoadBalancerCaffeineWarnLogger : Spring Cloud LoadBalancer is currently working with the default cache. While this cache implementation is useful for development and tests, it's recommended to use Caffeine cache in production.You can switch to using Caffeine cache, by adding it and org.springframework.cache.caffeine.CaffeineCacheManager to the classpath.
2026-08-03T14:30:56.915+09:00  INFO 5088 --- [eureka-server] [           main] [                                                 ] o.s.c.n.eureka.InstanceInfoFactory       : Setting initial instance status as: STARTING
2026-08-03T14:30:57.079+09:00  INFO 5088 --- [eureka-server] [           main] [                                                 ] com.netflix.discovery.DiscoveryClient    : Initializing Eureka in region us-east-1
2026-08-03T14:30:57.079+09:00  INFO 5088 --- [eureka-server] [           main] [                                                 ] com.netflix.discovery.DiscoveryClient    : Client configured to neither register nor query for data.
2026-08-03T14:30:57.089+09:00  INFO 5088 --- [eureka-server] [           main] [                                                 ] com.netflix.discovery.DiscoveryClient    : Discovery Client initialized at timestamp 1785735057086 with initial instances count: 0
2026-08-03T14:30:57.668+09:00  INFO 5088 --- [eureka-server] [           main] [                                                 ] c.n.eureka.DefaultEurekaServerContext    : Initializing ...
2026-08-03T14:30:57.679+09:00  INFO 5088 --- [eureka-server] [           main] [                                                 ] c.n.eureka.cluster.PeerEurekaNodes       : Adding new peer nodes [http://localhost:8761/eureka/]
2026-08-03T14:30:58.219+09:00  INFO 5088 --- [eureka-server] [           main] [                                                 ] c.n.d.provider.DiscoveryJerseyProvider   : Using JSON encoding codec LegacyJacksonJson
2026-08-03T14:30:58.222+09:00  INFO 5088 --- [eureka-server] [           main] [                                                 ] c.n.d.provider.DiscoveryJerseyProvider   : Using JSON decoding codec LegacyJacksonJson
2026-08-03T14:30:58.224+09:00  INFO 5088 --- [eureka-server] [           main] [                                                 ] c.n.d.provider.DiscoveryJerseyProvider   : Using XML encoding codec XStreamXml
2026-08-03T14:30:58.225+09:00  INFO 5088 --- [eureka-server] [           main] [                                                 ] c.n.d.provider.DiscoveryJerseyProvider   : Using XML decoding codec XStreamXml
2026-08-03T14:30:58.579+09:00  INFO 5088 --- [eureka-server] [           main] [                                                 ] c.n.eureka.cluster.PeerEurekaNodes       : Replica node URL:  http://localhost:8761/eureka/
2026-08-03T14:30:58.668+09:00  INFO 5088 --- [eureka-server] [           main] [                                                 ] c.n.e.registry.AbstractInstanceRegistry  : Finished initializing remote region registries. All known remote regions: []
2026-08-03T14:30:58.675+09:00  INFO 5088 --- [eureka-server] [           main] [                                                 ] c.n.eureka.DefaultEurekaServerContext    : Initialized
2026-08-03T14:30:58.745+09:00  INFO 5088 --- [eureka-server] [           main] [                                                 ] o.s.b.a.e.web.EndpointLinksResolver      : Exposing 1 endpoint beneath base path '/actuator'
2026-08-03T14:30:59.484+09:00  INFO 5088 --- [eureka-server] [           main] [                                                 ] o.s.c.n.e.s.EurekaServiceRegistry        : Registering application EUREKA-SERVER with eureka with status UP
2026-08-03T14:30:59.514+09:00  INFO 5088 --- [eureka-server] [           main] [                                                 ] o.s.c.n.e.s.EurekaServiceRegistry        : Unregistering application EUREKA-SERVER with eureka with status DOWN
2026-08-03T14:30:59.515+09:00  WARN 5088 --- [eureka-server] [           main] [                                                 ] ConfigServletWebServerApplicationContext : Exception encountered during context initialization - cancelling refresh attempt: org.springframework.context.ApplicationContextException: Failed to start bean 'webServerStartStop'
2026-08-03T14:30:59.516+09:00  INFO 5088 --- [eureka-server] [           main] [                                                 ] c.n.eureka.DefaultEurekaServerContext    : Shutting down ...
2026-08-03T14:30:59.539+09:00  INFO 5088 --- [eureka-server] [           main] [                                                 ] c.n.eureka.DefaultEurekaServerContext    : Shut down
2026-08-03T14:30:59.520+09:00 ERROR 5088 --- [eureka-server] [t-Conn-Cleaner2] [                                                 ] c.n.d.s.t.j.EurekaJersey3ClientImpl      : Cannot clean connections

java.lang.IllegalStateException: Client instance has been closed.
	at org.glassfish.jersey.internal.guava.Preconditions.checkState(Preconditions.java:169) ~[jersey-common-3.1.11.jar:na]
	at org.glassfish.jersey.client.JerseyClient.checkNotClosed(JerseyClient.java:248) ~[jersey-client-3.1.11.jar:na]
	at org.glassfish.jersey.client.JerseyClient.getConfiguration(JerseyClient.java:363) ~[jersey-client-3.1.11.jar:na]
	at org.glassfish.jersey.client.JerseyClient.getConfiguration(JerseyClient.java:54) ~[jersey-client-3.1.11.jar:na]
	at com.netflix.discovery.shared.transport.jersey3.EurekaJersey3ClientImpl$ConnectionCleanerTask.run(EurekaJersey3ClientImpl.java:338) ~[eureka-client-jersey3-2.0.6.jar:2.0.6]
	at java.base/java.util.concurrent.Executors$RunnableAdapter.call(Executors.java:539) ~[na:na]
	at java.base/java.util.concurrent.FutureTask.run(FutureTask.java:264) ~[na:na]
	at java.base/java.util.concurrent.ScheduledThreadPoolExecutor$ScheduledFutureTask.run(ScheduledThreadPoolExecutor.java:304) ~[na:na]
	at java.base/java.util.concurrent.ThreadPoolExecutor.runWorker(ThreadPoolExecutor.java:1136) ~[na:na]
	at java.base/java.util.concurrent.ThreadPoolExecutor$Worker.run(ThreadPoolExecutor.java:635) ~[na:na]
	at java.base/java.lang.Thread.run(Thread.java:840) ~[na:na]

2026-08-03T14:30:59.571+09:00  INFO 5088 --- [eureka-server] [       Thread-9] [                                                 ] o.s.c.n.e.server.EurekaServerBootstrap   : isAws returned false
2026-08-03T14:30:59.579+09:00  INFO 5088 --- [eureka-server] [       Thread-9] [                                                 ] o.s.c.n.e.server.EurekaServerBootstrap   : Initialized server context
2026-08-03T14:30:59.580+09:00  INFO 5088 --- [eureka-server] [       Thread-9] [                                                 ] c.n.e.r.PeerAwareInstanceRegistryImpl    : Got 1 instances from neighboring DS node
2026-08-03T14:30:59.580+09:00  INFO 5088 --- [eureka-server] [       Thread-9] [                                                 ] c.n.e.r.PeerAwareInstanceRegistryImpl    : Renew threshold is: 1
2026-08-03T14:30:59.581+09:00  INFO 5088 --- [eureka-server] [       Thread-9] [                                                 ] c.n.e.r.PeerAwareInstanceRegistryImpl    : Changing status to UP
2026-08-03T14:30:59.584+09:00 ERROR 5088 --- [eureka-server] [       Thread-9] [                                                 ] o.s.c.n.e.server.EurekaServerBootstrap   : Cannot bootstrap eureka server :

java.lang.IllegalStateException: Timer already cancelled.
	at java.base/java.util.Timer.sched(Timer.java:409) ~[na:na]
	at java.base/java.util.Timer.schedule(Timer.java:260) ~[na:na]
	at com.netflix.eureka.registry.AbstractInstanceRegistry.postInit(AbstractInstanceRegistry.java:1226) ~[eureka-core-2.0.6.jar:2.0.6]
	at com.netflix.eureka.registry.PeerAwareInstanceRegistryImpl.openForTraffic(PeerAwareInstanceRegistryImpl.java:259) ~[eureka-core-2.0.6.jar:2.0.6]
	at org.springframework.cloud.netflix.eureka.server.InstanceRegistry.openForTraffic(InstanceRegistry.java:77) ~[spring-cloud-netflix-eureka-server-4.3.3.jar:4.3.3]
	at org.springframework.cloud.netflix.eureka.server.EurekaServerBootstrap.initEurekaServerContext(EurekaServerBootstrap.java:112) ~[spring-cloud-netflix-eureka-server-4.3.3.jar:4.3.3]
	at org.springframework.cloud.netflix.eureka.server.EurekaServerBootstrap.contextInitialized(EurekaServerBootstrap.java:70) ~[spring-cloud-netflix-eureka-server-4.3.3.jar:4.3.3]
	at org.springframework.cloud.netflix.eureka.server.EurekaServerInitializerConfiguration.lambda$start$0(EurekaServerInitializerConfiguration.java:67) ~[spring-cloud-netflix-eureka-server-4.3.3.jar:4.3.3]
	at java.base/java.lang.Thread.run(Thread.java:840) ~[na:na]

2026-08-03T14:30:59.586+09:00 ERROR 5088 --- [eureka-server] [       Thread-9] [                                                 ] e.s.EurekaServerInitializerConfiguration : Could not initialize Eureka servlet context

java.lang.RuntimeException: Cannot bootstrap eureka server :
	at org.springframework.cloud.netflix.eureka.server.EurekaServerBootstrap.contextInitialized(EurekaServerBootstrap.java:76) ~[spring-cloud-netflix-eureka-server-4.3.3.jar:4.3.3]
	at org.springframework.cloud.netflix.eureka.server.EurekaServerInitializerConfiguration.lambda$start$0(EurekaServerInitializerConfiguration.java:67) ~[spring-cloud-netflix-eureka-server-4.3.3.jar:4.3.3]
	at java.base/java.lang.Thread.run(Thread.java:840) ~[na:na]
Caused by: java.lang.IllegalStateException: Timer already cancelled.
	at java.base/java.util.Timer.sched(Timer.java:409) ~[na:na]
	at java.base/java.util.Timer.schedule(Timer.java:260) ~[na:na]
	at com.netflix.eureka.registry.AbstractInstanceRegistry.postInit(AbstractInstanceRegistry.java:1226) ~[eureka-core-2.0.6.jar:2.0.6]
	at com.netflix.eureka.registry.PeerAwareInstanceRegistryImpl.openForTraffic(PeerAwareInstanceRegistryImpl.java:259) ~[eureka-core-2.0.6.jar:2.0.6]
	at org.springframework.cloud.netflix.eureka.server.InstanceRegistry.openForTraffic(InstanceRegistry.java:77) ~[spring-cloud-netflix-eureka-server-4.3.3.jar:4.3.3]
	at org.springframework.cloud.netflix.eureka.server.EurekaServerBootstrap.initEurekaServerContext(EurekaServerBootstrap.java:112) ~[spring-cloud-netflix-eureka-server-4.3.3.jar:4.3.3]
	at org.springframework.cloud.netflix.eureka.server.EurekaServerBootstrap.contextInitialized(EurekaServerBootstrap.java:70) ~[spring-cloud-netflix-eureka-server-4.3.3.jar:4.3.3]
	... 2 common frames omitted

2026-08-03T14:31:00.575+09:00  INFO 5088 --- [eureka-server] [           main] [                                                 ] com.netflix.discovery.DiscoveryClient    : Shutting down DiscoveryClient ...
2026-08-03T14:31:00.576+09:00  INFO 5088 --- [eureka-server] [           main] [                                                 ] com.netflix.discovery.DiscoveryClient    : Completed shut down of DiscoveryClient
2026-08-03T14:31:00.690+09:00  INFO 5088 --- [eureka-server] [           main] [                                                 ] .s.b.a.l.ConditionEvaluationReportLogger : 

Error starting ApplicationContext. To display the condition evaluation report re-run your application with 'debug' enabled.
2026-08-03T14:31:00.832+09:00 ERROR 5088 --- [eureka-server] [           main] [                                                 ] o.s.b.d.LoggingFailureAnalysisReporter   : 

***************************
APPLICATION FAILED TO START
***************************

Description:

Web server failed to start. Port 8761 was already in use.

Action:

Identify and stop the process that's listening on port 8761 or configure this application to listen on another port.


> Task :eureka-server:bootRun FAILED

FAILURE: Build failed with an exception.

* What went wrong:
Execution failed for task ':eureka-server:bootRun'.
> Process 'command 'C:\Program Files\Java\jdk-17.0.19.10-hotspot\bin\java.exe'' finished with non-zero exit value 1

* Try:
> Run with --stacktrace option to get the stack trace.
> Run with --info or --debug option to get more log output.
> Run with --scan to get full insights.
> Get more help at https://help.gradle.org.

BUILD FAILED in 51s
4 actionable tasks: 3 executed, 1 up-to-date
